// Jest Snapshot v1, https://goo.gl/fbAQLP

exports[`Task Detailspage tests should render full Detailspage 1`] = `
.c1 {
  width: 80px;
  height: 80px;
  margin: 40px auto;
  background-image: url(greenbone.svg);
  background-size: 90%;
  background-position: center;
  background-repeat: no-repeat;
  -webkit-animation: fSFzYT 2s infinite ease-in-out;
  animation: fSFzYT 2s infinite ease-in-out;
}

.c0 {
  display: -webkit-box;
  display: -webkit-flex;
  display: -ms-flexbox;
  display: flex;
  -webkit-flex-direction: row;
  -ms-flex-direction: row;
  flex-direction: row;
  -webkit-box-pack: center;
  -webkit-justify-content: center;
  -ms-flex-pack: center;
  justify-content: center;
  -webkit-align-items: center;
  -webkit-box-align: center;
  -ms-flex-align: center;
  align-items: center;
  width: 100%;
}

<div
  class="c0"
  data-testid="loading"
>
  <div
    class="c1"
  />
</div>
`;

exports[`Task ToolBarIcons tests should render 1`] = `
.c11 {
  display: -webkit-box;
  display: -webkit-flex;
  display: -ms-flexbox;
  display: flex;
  -webkit-flex-direction: row;
  -ms-flex-direction: row;
  flex-direction: row;
  -webkit-box-flex: 1;
  -webkit-flex-grow: 1;
  -ms-flex-positive: 1;
  flex-grow: 1;
  -webkit-box-pack: start;
  -webkit-justify-content: flex-start;
  -ms-flex-pack: start;
  justify-content: flex-start;
  -webkit-align-items: center;
  -webkit-box-align: center;
  -ms-flex-align: center;
  align-items: center;
}

.c4 {
  display: -webkit-inline-box;
  display: -webkit-inline-flex;
  display: -ms-inline-flexbox;
  display: inline-flex;
}

.c1 {
  display: -webkit-box;
  display: -webkit-flex;
  display: -ms-flexbox;
  display: flex;
  -webkit-flex-direction: row;
  -ms-flex-direction: row;
  flex-direction: row;
  -webkit-box-pack: start;
  -webkit-justify-content: start;
  -ms-flex-pack: start;
  justify-content: start;
  -webkit-align-items: center;
  -webkit-box-align: center;
  -ms-flex-align: center;
  align-items: center;
  margin-left: -10px;
}

.c1 > * {
  display: -webkit-inline-box;
  display: -webkit-inline-flex;
  display: -ms-inline-flexbox;
  display: inline-flex;
}

.c1 > * {
  margin-left: 10px;
}

.c2 {
  display: -webkit-box;
  display: -webkit-flex;
  display: -ms-flexbox;
  display: flex;
  -webkit-flex-direction: row;
  -ms-flex-direction: row;
  flex-direction: row;
  -webkit-box-pack: start;
  -webkit-justify-content: flex-start;
  -ms-flex-pack: start;
  justify-content: flex-start;
  -webkit-align-items: flex-start;
  -webkit-box-align: flex-start;
  -ms-flex-align: flex-start;
  align-items: flex-start;
  margin-left: -5px;
}

.c2 > * {
  display: -webkit-inline-box;
  display: -webkit-inline-flex;
  display: -ms-inline-flexbox;
  display: inline-flex;
}

.c2 > * {
  margin-left: 5px;
}

.c5 {
  display: -webkit-box;
  display: -webkit-flex;
  display: -ms-flexbox;
  display: flex;
  -webkit-flex-direction: row;
  -ms-flex-direction: row;
  flex-direction: row;
  -webkit-box-pack: start;
  -webkit-justify-content: start;
  -ms-flex-pack: start;
  justify-content: start;
  -webkit-align-items: center;
  -webkit-box-align: center;
  -ms-flex-align: center;
  align-items: center;
  margin-left: -5px;
}

.c5 > * {
  display: -webkit-inline-box;
  display: -webkit-inline-flex;
  display: -ms-inline-flexbox;
  display: inline-flex;
}

.c5 > * {
  margin-left: 5px;
}

.c0 {
  display: -webkit-box;
  display: -webkit-flex;
  display: -ms-flexbox;
  display: flex;
  -webkit-flex-direction: row;
  -ms-flex-direction: row;
  flex-direction: row;
  -webkit-box-pack: start;
  -webkit-justify-content: start;
  -ms-flex-pack: start;
  justify-content: start;
  -webkit-align-items: center;
  -webkit-box-align: center;
  -ms-flex-align: center;
  align-items: center;
  display: -webkit-inline-box;
  display: -webkit-inline-flex;
  display: -ms-inline-flexbox;
  display: inline-flex;
}

.c12 {
  cursor: pointer;
}

.c13 svg path {
  fill: #aaaaaa;
}

.c3 {
  height: 16px;
  width: 16px;
  line-height: 16px;
}

.c3 * {
  height: inherit;
  width: inherit;
}

.c16 {
  position: relative;
  display: -webkit-inline-box;
  display: -webkit-inline-flex;
  display: -ms-inline-flexbox;
  display: inline-flex;
  margin-right: px;
}

.c14 {
  position: relative;
  display: -webkit-inline-box;
  display: -webkit-inline-flex;
  display: -ms-inline-flexbox;
  display: inline-flex;
  margin-right: 0px;
}

.c15 {
  display: -webkit-box;
  display: -webkit-flex;
  display: -ms-flexbox;
  display: flex;
  -webkit-flex-direction: row;
  -ms-flex-direction: row;
  flex-direction: row;
  -webkit-flex-wrap: wrap;
  -ms-flex-wrap: wrap;
  flex-wrap: wrap;
  -webkit-box-pack: center;
  -webkit-justify-content: center;
  -ms-flex-pack: center;
  justify-content: center;
  -webkit-align-content: center;
  -ms-flex-line-pack: center;
  align-content: center;
  -webkit-align-items: center;
  -webkit-box-align: center;
  -ms-flex-align: center;
  align-items: center;
  position: absolute;
  font-size: 10px;
  background-color: red;
  font-weight: bold;
  border-radius: 10px;
  min-width: 10px;
  padding: 3px 5px;
  z-index: 1;
  background-color: #66c430;
  color: #fff;
  bottom: -8px;
  right: 0px;
}

.c7 {
  display: -webkit-inline-box;
  display: -webkit-inline-flex;
  display: -ms-inline-flexbox;
  display: inline-flex;
  -webkit-flex-direction: column;
  -ms-flex-direction: column;
  flex-direction: column;
}

.c8 {
  position: relative;
  display: none;
}

.c6:hover .c8 {
  display: block;
}

.c9 {
  position: absolute;
  margin: 0;
  padding: 0;
  left: 0;
  top: 0;
  z-index: 100;
  list-style: none;
  font-size: 10px;
  width: 255px;
}

.c10 {
  height: 22px;
  width: 255px;
  border-left: 1px solid #787878;
  border-right: 1px solid #787878;
  display: -webkit-box;
  display: -webkit-flex;
  display: -ms-flexbox;
  display: flex;
  -webkit-align-items: stretch;
  -webkit-box-align: stretch;
  -ms-flex-align: stretch;
  align-items: stretch;
  background-color: #fff;
  font-weight: bold;
  text-indent: 12px;
  text-align: left;
}

.c10:first-child {
  border-top: 1px solid #787878;
}

.c10:last-child {
  border-bottom: 1px solid #787878;
}

.c10:hover {
  background: #66c430;
  color: #fff;
}

.c10 div {
  display: -webkit-box;
  display: -webkit-flex;
  display: -ms-flexbox;
  display: flex;
  -webkit-align-items: center;
  -webkit-box-align: center;
  -ms-flex-align: center;
  align-items: center;
  -webkit-box-flex: 1;
  -webkit-flex-grow: 1;
  -ms-flex-positive: 1;
  flex-grow: 1;
  cursor: pointer;
}

@media print {
  .c12 {
    display: none;
  }
}

<div
  class="c0"
>
  <div
    class="c1"
    margin="10px"
  >
    <div
      class="c0"
    >
      <div
        class="c2"
        margin="5px"
      >
        <a
          href="test/en/scanning.html#managing-tasks"
          rel="noopener noreferrer"
          target="_blank"
        >
          <span
            class="c3"
            data-testid="svg-icon"
            title="Help: Tasks"
          >
            <svg
              title="Help: Tasks"
            >
              help.svg
            </svg>
          </span>
        </a>
        <a
          class="c4"
          href="/tasks"
        >
          <span
            class="c3"
            data-testid="svg-icon"
            title="Task List"
          >
            <svg
              title="Task List"
            >
              list.svg
            </svg>
          </span>
        </a>
      </div>
    </div>
    <div
      class="c0"
    >
      <div
        class="c5"
        margin="5px"
      >
        <span
          class="c6 c7"
        >
          <span
            class="c3"
            data-testid="svg-icon"
          >
            <svg>
              new.svg
            </svg>
          </span>
          <div
            class="c8"
          >
            <ul
              class="c9"
            >
              <li
                class="c10"
              >
                <div
                  class="c11"
                >
                  New Task
                </div>
              </li>
              <li
                class="c10"
              >
                <div
                  class="c11"
                >
                  New Container Task
                </div>
              </li>
            </ul>
          </div>
        </span>
        <span
          class="c12 c3"
          data-testid="svg-icon"
          title="Clone Task"
        >
          <svg
            title="Clone Task"
          >
            clone.svg
          </svg>
        </span>
        <span
          class="c12 c3"
          data-testid="svg-icon"
          title="Edit Task"
        >
          <svg
            title="Edit Task"
          >
            edit.svg
          </svg>
        </span>
        <span
          class="c12 c3"
          data-testid="svg-icon"
          title="Move Task to trashcan"
        >
          <svg
            title="Move Task to trashcan"
          >
            trashcan.svg
          </svg>
        </span>
        <span
          class="c12 c3"
          data-testid="svg-icon"
          title="Export Task as XML"
        >
          <svg
            title="Export Task as XML"
          >
            export.svg
          </svg>
        </span>
      </div>
    </div>
    <div
      class="c0"
    >
      <div
        class="c5"
        margin="5px"
      >
        <span
          class="c12 c3"
          data-testid="svg-icon"
          title="Start"
        >
          <svg
            title="Start"
          >
            start.svg
          </svg>
        </span>
        <span
          alt="Resume"
          class="c13 c3"
          data-testid="svg-icon"
          title="Task is not stopped"
        >
          <svg
            title="Task is not stopped"
          >
            resume.svg
          </svg>
        </span>
      </div>
    </div>
    <div
      class="c0"
    >
      <div
        class="c1"
        margin="10px"
      >
        <div
          class="c0"
        >
          <div
            class="c5"
            margin="5px"
          >
            <a
              class="c4"
              data-testid="details-link"
              href="/report/1234"
              title="Last Report for Task foo from 07/30/2019"
            >
              <span
                class="c3"
                data-testid="svg-icon"
              >
                <svg>
                  report.svg
                </svg>
              </span>
            </a>
            <a
              class="c4"
              href="/reports?filter=task_id%3D12345"
              title="Total Reports for Task foo"
            >
              <div
                class="c14"
              >
                <span
                  class="c3"
                  data-testid="svg-icon"
                >
                  <svg>
                    report.svg
                  </svg>
                </span>
                <span
                  class="c15"
                  data-testid="badge-icon"
                >
                  1
                </span>
              </div>
            </a>
          </div>
        </div>
        <a
          class="c4"
          href="/results?filter=task_id%3D12345"
          title="Results for Task foo"
        >
          <div
            class="c16"
          >
            <span
              class="c3"
              data-testid="svg-icon"
            >
              <svg>
                result.svg
              </svg>
            </span>
          </div>
        </a>
        <div
          class="c0"
        >
          <div
            class="c5"
            margin="5px"
          >
            <a
              class="c4"
              href="/notes?filter=task_id%3D12345"
              title="Notes for Task foo"
            >
              <div
                class="c14"
              >
                <span
                  class="c3"
                  data-testid="svg-icon"
                >
                  <svg>
                    note.svg
                  </svg>
                </span>
                <span
                  class="c15"
                  data-testid="badge-icon"
                >
                  2
                </span>
              </div>
            </a>
            <a
              class="c4"
              href="/overrides?filter=task_id%3D12345"
              title="Overrides for Task foo"
            >
              <div
                class="c14"
              >
                <span
                  class="c3"
                  data-testid="svg-icon"
                >
                  <svg>
                    override.svg
                  </svg>
                </span>
                <span
                  class="c15"
                  data-testid="badge-icon"
                >
                  3
                </span>
              </div>
            </a>
          </div>
        </div>
      </div>
    </div>
  </div>
</div>
`;
